[space_callback] New curriculum: [0]
[space_callback] Curriculum exhausted, transitioning...
[space_callback] New curriculum: [0]
[space_callback] Curriculum exhausted, transitioning...
[space_callback] New curriculum: [0]
[space_callback] Curriculum exhausted, transitioning...
[space_callback] New curriculum: [0]
[space_callback] Curriculum exhausted, transitioning...
[space_callback] New curriculum: [0]
[space_callback] Curriculum exhausted, transitioning...
[space_callback] New curriculum: [0]
[space_callback] Curriculum exhausted, transitioning...
[space_callback] New curriculum: [0]
[space_callback] Rollout collected at 2048 timesteps
[space_callback] Curriculum exhausted, transitioning...
[space_callback] New curriculum: [0]
[space_callback] Curriculum exhausted, transitioning...
[space_callback] New curriculum: [0]
[space_callback] Curriculum exhausted, transitioning...
[space_callback] New curriculum: [0]
[space_callback] Curriculum exhausted, transitioning...
[space_callback] New curriculum: [0]
[space_callback] Curriculum exhausted, transitioning...
[space_callback] New curriculum: [0]
[space_callback] Curriculum exhausted, transitioning...
[space_callback] New curriculum: [0]
[space_callback] Curriculum exhausted, transitioning...
[space_callback] New curriculum: [0]
[space_callback] Rollout collected at 4096 timesteps
[space_callback] Curriculum exhausted, transitioning...
[space_callback] New curriculum: [0]
[space_callback] Curriculum exhausted, transitioning...
[space_callback] New curriculum: [0]
[space_callback] Curriculum exhausted, transitioning...
[space_callback] New curriculum: [0]
[space_callback] Curriculum exhausted, transitioning...
[space_callback] New curriculum: [0]
[space_callback] Curriculum exhausted, transitioning...
[space_callback] Growing curriculum: 1 -> 2
[space_callback] New curriculum: [0, 1]
[space_callback] Curriculum exhausted, transitioning...
[space_callback] Growing curriculum: 2 -> 3
[space_callback] New curriculum: [0, 1, 2]
[space_callback] Rollout collected at 6144 timesteps
[space_callback] New curriculum: [0]
[space_callback] Curriculum exhausted, transitioning...
[space_callback] New curriculum: [0]
[space_callback] Curriculum exhausted, transitioning...
[space_callback] New curriculum: [0]
[space_callback] Curriculum exhausted, transitioning...
[space_callback] New curriculum: [0]
[space_callback] Curriculum exhausted, transitioning...
[space_callback] New curriculum: [0]
[space_callback] Curriculum exhausted, transitioning...
[space_callback] New curriculum: [0]
[space_callback] Curriculum exhausted, transitioning...
[space_callback] New curriculum: [0]
[space_callback] Rollout collected at 2048 timesteps
[space_callback] Curriculum exhausted, transitioning...
[space_callback] New curriculum: [0]
[space_callback] Curriculum exhausted, transitioning...
[space_callback] New curriculum: [0]
[space_callback] Curriculum exhausted, transitioning...
[space_callback] New curriculum: [0]
[space_callback] Curriculum exhausted, transitioning...
[space_callback] New curriculum: [0]
[space_callback] Curriculum exhausted, transitioning...
[space_callback] New curriculum: [0]
[space_callback] Curriculum exhausted, transitioning...
[space_callback] New curriculum: [0]
[space_callback] Curriculum exhausted, transitioning...
[space_callback] New curriculum: [0]
[space_callback] Rollout collected at 4096 timesteps
[space_callback] Curriculum exhausted, transitioning...
[space_callback] New curriculum: [0]
[space_callback] Curriculum exhausted, transitioning...
[space_callback] New curriculum: [0]
[space_callback] Curriculum exhausted, transitioning...
[space_callback] New curriculum: [0]
[space_callback] Curriculum exhausted, transitioning...
[space_callback] New curriculum: [0]
[space_callback] Curriculum exhausted, transitioning...
[space_callback] Growing curriculum: 1 -> 2
[space_callback] New curriculum: [0, 1]
[space_callback] Curriculum exhausted, transitioning...
[space_callback] Growing curriculum: 2 -> 3
[space_callback] New curriculum: [0, 1, 2]
[space_callback] Rollout collected at 6144 timesteps
[space_callback] Curriculum exhausted, transitioning...
[space_callback] New curriculum: [0, 1, 2]
[space_callback] Curriculum exhausted, transitioning...
[space_callback] New curriculum: [0, 1, 2]
[space_callback] Rollout collected at 8192 timesteps
[space_callback] Curriculum exhausted, transitioning...
[space_callback] New curriculum: [0, 1, 2]
[space_callback] Curriculum exhausted, transitioning...
[space_callback] New curriculum: [0, 1, 2]
[space_callback] Rollout collected at 10240 timesteps
[space_callback] Curriculum exhausted, transitioning...
[space_callback] New curriculum: [0, 1, 2]
[space_callback] Curriculum exhausted, transitioning...
[space_callback] New curriculum: [0, 1, 2]
[space_callback] Rollout collected at 12288 timesteps
[space_callback] Curriculum exhausted, transitioning...
[space_callback] New curriculum: [0, 1, 2]
[space_callback] Curriculum exhausted, transitioning...
[space_callback] New curriculum: [0, 1, 2]
[space_callback] Curriculum exhausted, transitioning...
[space_callback] New curriculum: [0, 1, 2]
[space_callback] Rollout collected at 14336 timesteps
[space_callback] Curriculum exhausted, transitioning...
[space_callback] New curriculum: [0, 1, 2]
[space_callback] Curriculum exhausted, transitioning...
[space_callback] Growing curriculum: 3 -> 3
[space_callback] New curriculum: [0, 1, 2]
[space_callback] Rollout collected at 16384 timesteps
[space_callback] Curriculum exhausted, transitioning...
[space_callback] Growing curriculum: 3 -> 3
[space_callback] New curriculum: [0, 1, 2]
[space_callback] Curriculum exhausted, transitioning...
[space_callback] Growing curriculum: 3 -> 3
[space_callback] New curriculum: [0, 1, 2]
[space_callback] Rollout collected at 18432 timesteps
[space_callback] Curriculum exhausted, transitioning...
[space_callback] New curriculum: [0, 1, 2]
[space_callback] Curriculum exhausted, transitioning...
[space_callback] New curriculum: [0, 1, 2]
[space_callback] Curriculum exhausted, transitioning...
[space_callback] New curriculum: [0, 1, 2]
[space_callback] Rollout collected at 20480 timesteps
[space_callback] Curriculum exhausted, transitioning...
[space_callback] New curriculum: [0, 1, 2]
[space_callback] Curriculum exhausted, transitioning...
[space_callback] Growing curriculum: 3 -> 3
[space_callback] New curriculum: [0, 1, 2]
[space_callback] Rollout collected at 22528 timesteps
[space_callback] Curriculum exhausted, transitioning...
[space_callback] New curriculum: [0, 1, 2]
[space_callback] Curriculum exhausted, transitioning...
[space_callback] New curriculum: [0, 1, 2]
[space_callback] Rollout collected at 24576 timesteps
[space_callback] Curriculum exhausted, transitioning...
[space_callback] New curriculum: [0, 1, 2]
[space_callback] Curriculum exhausted, transitioning...
[space_callback] New curriculum: [0, 1, 2]
[space_callback] Rollout collected at 26624 timesteps
[space_callback] Curriculum exhausted, transitioning...
[space_callback] New curriculum: [0, 1, 2]
[space_callback] Curriculum exhausted, transitioning...
[space_callback] New curriculum: [0, 1, 2]
[space_callback] Curriculum exhausted, transitioning...
[space_callback] Growing curriculum: 3 -> 3
[space_callback] New curriculum: [0, 1, 2]
[space_callback] Rollout collected at 28672 timesteps
[space_callback] Curriculum exhausted, transitioning...
[space_callback] New curriculum: [0, 1, 2]
[space_callback] Curriculum exhausted, transitioning...
[space_callback] New curriculum: [0, 1, 2]
[space_callback] Rollout collected at 30720 timesteps
[space_callback] Curriculum exhausted, transitioning...
[space_callback] New curriculum: [0, 1, 2]
[space_callback] Curriculum exhausted, transitioning...
[space_callback] New curriculum: [0, 1, 2]
[space_callback] Rollout collected at 32768 timesteps
[space_callback] Curriculum exhausted, transitioning...
[space_callback] Growing curriculum: 3 -> 3
[space_callback] New curriculum: [0, 1, 2]
[space_callback] Curriculum exhausted, transitioning...
[space_callback] Growing curriculum: 3 -> 3
[space_callback] New curriculum: [0, 1, 2]
[space_callback] Curriculum exhausted, transitioning...
[space_callback] Growing curriculum: 3 -> 3
[space_callback] New curriculum: [0, 1, 2]
[space_callback] Rollout collected at 34816 timesteps
[space_callback] Curriculum exhausted, transitioning...
[space_callback] Growing curriculum: 3 -> 3
[space_callback] New curriculum: [0, 1, 2]
[space_callback] Curriculum exhausted, transitioning...
[space_callback] Growing curriculum: 3 -> 3
[space_callback] New curriculum: [0, 1, 2]
[space_callback] Rollout collected at 36864 timesteps
[space_callback] Curriculum exhausted, transitioning...
[space_callback] Growing curriculum: 3 -> 3
[space_callback] New curriculum: [0, 1, 2]
[space_callback] Curriculum exhausted, transitioning...
[space_callback] Growing curriculum: 3 -> 3
[space_callback] New curriculum: [0, 1, 2]
[space_callback] Rollout collected at 38912 timesteps
[space_callback] Curriculum exhausted, transitioning...
[space_callback] Growing curriculum: 3 -> 3
[space_callback] New curriculum: [0, 1, 2]
[space_callback] Curriculum exhausted, transitioning...
[space_callback] Growing curriculum: 3 -> 3
[space_callback] New curriculum: [0, 1, 2]
[space_callback] Rollout collected at 40960 timesteps
[space_callback] Curriculum exhausted, transitioning...
[space_callback] Growing curriculum: 3 -> 3
[space_callback] New curriculum: [0, 1, 2]
[space_callback] Curriculum exhausted, transitioning...
[space_callback] Growing curriculum: 3 -> 3
[space_callback] New curriculum: [0, 1, 2]
[space_callback] Curriculum exhausted, transitioning...
[space_callback] Growing curriculum: 3 -> 3
[space_callback] New curriculum: [0, 1, 2]
[space_callback] Rollout collected at 43008 timesteps
[space_callback] Curriculum exhausted, transitioning...
[space_callback] Growing curriculum: 3 -> 3
[space_callback] New curriculum: [0, 1, 2]
[space_callback] Curriculum exhausted, transitioning...
[space_callback] Growing curriculum: 3 -> 3
[space_callback] New curriculum: [0, 1, 2]
[space_callback] Rollout collected at 45056 timesteps
[space_callback] Curriculum exhausted, transitioning...
[space_callback] Growing curriculum: 3 -> 3
[space_callback] New curriculum: [0, 1, 2]
[space_callback] Curriculum exhausted, transitioning...
[space_callback] Growing curriculum: 3 -> 3
[space_callback] New curriculum: [0, 1, 2]
[space_callback] Rollout collected at 47104 timesteps
[space_callback] Curriculum exhausted, transitioning...
[space_callback] Growing curriculum: 3 -> 3
[space_callback] New curriculum: [0, 1, 2]
[space_callback] Curriculum exhausted, transitioning...
[space_callback] Growing curriculum: 3 -> 3
[space_callback] New curriculum: [0, 1, 2]
[space_callback] Rollout collected at 49152 timesteps
[space_callback] Curriculum exhausted, transitioning...
[space_callback] Growing curriculum: 3 -> 3
[space_callback] New curriculum: [0, 1, 2]
[space_callback] Curriculum exhausted, transitioning...
[space_callback] Growing curriculum: 3 -> 3
[space_callback] New curriculum: [0, 1, 2]
[space_callback] Curriculum exhausted, transitioning...
[space_callback] Growing curriculum: 3 -> 3
[space_callback] New curriculum: [0, 1, 2]
[space_callback] Rollout collected at 51200 timesteps
[space_callback] New curriculum: [0]
[space_callback] Curriculum exhausted, transitioning...
[space_callback] New curriculum: [0]
[space_callback] Curriculum exhausted, transitioning...
[space_callback] New curriculum: [0]
[space_callback] Curriculum exhausted, transitioning...
[space_callback] New curriculum: [0]
[space_callback] Curriculum exhausted, transitioning...
[space_callback] New curriculum: [0]
[space_callback] Curriculum exhausted, transitioning...
[space_callback] New curriculum: [0]
[space_callback] Curriculum exhausted, transitioning...
[space_callback] New curriculum: [0]
[space_callback] Rollout collected at 2048 timesteps
[space_callback] Curriculum exhausted, transitioning...
[space_callback] New curriculum: [0]
[space_callback] Curriculum exhausted, transitioning...
[space_callback] New curriculum: [0]
[space_callback] Curriculum exhausted, transitioning...
[space_callback] New curriculum: [0]
[space_callback] Curriculum exhausted, transitioning...
[space_callback] New curriculum: [0]
[space_callback] Curriculum exhausted, transitioning...
[space_callback] New curriculum: [0]
[space_callback] Curriculum exhausted, transitioning...
[space_callback] New curriculum: [0]
[space_callback] Curriculum exhausted, transitioning...
[space_callback] New curriculum: [0]
[space_callback] Rollout collected at 4096 timesteps
[space_callback] Curriculum exhausted, transitioning...
[space_callback] New curriculum: [0]
[space_callback] Curriculum exhausted, transitioning...
[space_callback] New curriculum: [0]
[space_callback] Curriculum exhausted, transitioning...
[space_callback] New curriculum: [0]
[space_callback] Curriculum exhausted, transitioning...
[space_callback] New curriculum: [0]
[space_callback] Curriculum exhausted, transitioning...
[space_callback] Growing curriculum: 1 -> 2
[space_callback] New curriculum: [0, 1]
[space_callback] Curriculum exhausted, transitioning...
[space_callback] Growing curriculum: 2 -> 3
[space_callback] New curriculum: [0, 1, 2]
[space_callback] Rollout collected at 6144 timesteps
[space_callback] Curriculum exhausted, transitioning...
[space_callback] New curriculum: [0, 1, 2]
[space_callback] Curriculum exhausted, transitioning...
[space_callback] New curriculum: [0, 1, 2]
[space_callback] Rollout collected at 8192 timesteps
[space_callback] Curriculum exhausted, transitioning...
[space_callback] New curriculum: [0, 1, 2]
[space_callback] Curriculum exhausted, transitioning...
[space_callback] New curriculum: [0, 1, 2]
[space_callback] Rollout collected at 10240 timesteps
[space_callback] Curriculum exhausted, transitioning...
[space_callback] New curriculum: [0, 1, 2]
[space_callback] Curriculum exhausted, transitioning...
[space_callback] New curriculum: [0, 1, 2]
[space_callback] Rollout collected at 12288 timesteps
[space_callback] Curriculum exhausted, transitioning...
[space_callback] New curriculum: [0, 1, 2]
[space_callback] Curriculum exhausted, transitioning...
[space_callback] New curriculum: [0, 1, 2]
[space_callback] Curriculum exhausted, transitioning...
[space_callback] New curriculum: [0, 1, 2]
[space_callback] Rollout collected at 14336 timesteps
[space_callback] Curriculum exhausted, transitioning...
[space_callback] New curriculum: [0, 1, 2]
[space_callback] Curriculum exhausted, transitioning...
[space_callback] Growing curriculum: 3 -> 3
[space_callback] New curriculum: [0, 1, 2]
[space_callback] Rollout collected at 16384 timesteps
[space_callback] Curriculum exhausted, transitioning...
[space_callback] Growing curriculum: 3 -> 3
[space_callback] New curriculum: [0, 1, 2]
[space_callback] Curriculum exhausted, transitioning...
[space_callback] Growing curriculum: 3 -> 3
[space_callback] New curriculum: [0, 1, 2]
[space_callback] Rollout collected at 18432 timesteps
[space_callback] Curriculum exhausted, transitioning...
[space_callback] New curriculum: [0, 1, 2]
[space_callback] Curriculum exhausted, transitioning...
[space_callback] New curriculum: [0, 1, 2]
[space_callback] Curriculum exhausted, transitioning...
[space_callback] New curriculum: [0, 1, 2]
[space_callback] Rollout collected at 20480 timesteps
[space_callback] Curriculum exhausted, transitioning...
[space_callback] New curriculum: [0, 1, 2]
[space_callback] Curriculum exhausted, transitioning...
[space_callback] Growing curriculum: 3 -> 3
[space_callback] New curriculum: [0, 1, 2]
[space_callback] Rollout collected at 22528 timesteps
[space_callback] Curriculum exhausted, transitioning...
[space_callback] New curriculum: [0, 1, 2]
[space_callback] Curriculum exhausted, transitioning...
[space_callback] New curriculum: [0, 1, 2]
[space_callback] Rollout collected at 24576 timesteps
[space_callback] Curriculum exhausted, transitioning...
[space_callback] New curriculum: [0, 1, 2]
[space_callback] Curriculum exhausted, transitioning...
[space_callback] New curriculum: [0, 1, 2]
[space_callback] Rollout collected at 26624 timesteps
[space_callback] Curriculum exhausted, transitioning...
[space_callback] New curriculum: [0, 1, 2]
[space_callback] Curriculum exhausted, transitioning...
[space_callback] New curriculum: [0, 1, 2]
[space_callback] Curriculum exhausted, transitioning...
[space_callback] Growing curriculum: 3 -> 3
[space_callback] New curriculum: [0, 1, 2]
[space_callback] Rollout collected at 28672 timesteps
[space_callback] Curriculum exhausted, transitioning...
[space_callback] New curriculum: [0, 1, 2]
[space_callback] Curriculum exhausted, transitioning...
[space_callback] New curriculum: [0, 1, 2]
[space_callback] Rollout collected at 30720 timesteps
[space_callback] Curriculum exhausted, transitioning...
[space_callback] New curriculum: [0, 1, 2]
[space_callback] Curriculum exhausted, transitioning...
[space_callback] New curriculum: [0, 1, 2]
[space_callback] Rollout collected at 32768 timesteps
[space_callback] Curriculum exhausted, transitioning...
[space_callback] Growing curriculum: 3 -> 3
[space_callback] New curriculum: [0, 1, 2]
[space_callback] Curriculum exhausted, transitioning...
[space_callback] Growing curriculum: 3 -> 3
[space_callback] New curriculum: [0, 1, 2]
[space_callback] Curriculum exhausted, transitioning...
[space_callback] Growing curriculum: 3 -> 3
[space_callback] New curriculum: [0, 1, 2]
[space_callback] Rollout collected at 34816 timesteps
[space_callback] Curriculum exhausted, transitioning...
[space_callback] Growing curriculum: 3 -> 3
[space_callback] New curriculum: [0, 1, 2]
[space_callback] Curriculum exhausted, transitioning...
[space_callback] Growing curriculum: 3 -> 3
[space_callback] New curriculum: [0, 1, 2]
[space_callback] Rollout collected at 36864 timesteps
[space_callback] Curriculum exhausted, transitioning...
[space_callback] Growing curriculum: 3 -> 3
[space_callback] New curriculum: [0, 1, 2]
[space_callback] Curriculum exhausted, transitioning...
[space_callback] Growing curriculum: 3 -> 3
[space_callback] New curriculum: [0, 1, 2]
[space_callback] Rollout collected at 38912 timesteps
[space_callback] Curriculum exhausted, transitioning...
[space_callback] Growing curriculum: 3 -> 3
[space_callback] New curriculum: [0, 1, 2]
[space_callback] Curriculum exhausted, transitioning...
[space_callback] Growing curriculum: 3 -> 3
[space_callback] New curriculum: [0, 1, 2]
[space_callback] Rollout collected at 40960 timesteps
[space_callback] Curriculum exhausted, transitioning...
[space_callback] Growing curriculum: 3 -> 3
[space_callback] New curriculum: [0, 1, 2]
[space_callback] Curriculum exhausted, transitioning...
[space_callback] Growing curriculum: 3 -> 3
[space_callback] New curriculum: [0, 1, 2]
[space_callback] Curriculum exhausted, transitioning...
[space_callback] Growing curriculum: 3 -> 3
[space_callback] New curriculum: [0, 1, 2]
[space_callback] Rollout collected at 43008 timesteps
[space_callback] Curriculum exhausted, transitioning...
[space_callback] Growing curriculum: 3 -> 3
[space_callback] New curriculum: [0, 1, 2]
[space_callback] Curriculum exhausted, transitioning...
[space_callback] Growing curriculum: 3 -> 3
[space_callback] New curriculum: [0, 1, 2]
[space_callback] Rollout collected at 45056 timesteps
[space_callback] Curriculum exhausted, transitioning...
[space_callback] Growing curriculum: 3 -> 3
[space_callback] New curriculum: [0, 1, 2]
[space_callback] Curriculum exhausted, transitioning...
[space_callback] Growing curriculum: 3 -> 3
[space_callback] New curriculum: [0, 1, 2]
[space_callback] Rollout collected at 47104 timesteps
[space_callback] Curriculum exhausted, transitioning...
[space_callback] Growing curriculum: 3 -> 3
[space_callback] New curriculum: [0, 1, 2]
[space_callback] Curriculum exhausted, transitioning...
[space_callback] Growing curriculum: 3 -> 3
[space_callback] New curriculum: [0, 1, 2]
[space_callback] Rollout collected at 49152 timesteps
[space_callback] Curriculum exhausted, transitioning...
[space_callback] Growing curriculum: 3 -> 3
[space_callback] New curriculum: [0, 1, 2]
[space_callback] Curriculum exhausted, transitioning...
[space_callback] Growing curriculum: 3 -> 3
[space_callback] New curriculum: [0, 1, 2]
[space_callback] Curriculum exhausted, transitioning...
[space_callback] Growing curriculum: 3 -> 3
[space_callback] New curriculum: [0, 1, 2]
[space_callback] Rollout collected at 51200 timesteps
[space_callback] Curriculum exhausted, transitioning...
[space_callback] Growing curriculum: 3 -> 3
[space_callback] New curriculum: [0, 1, 2]
[space_callback] Curriculum exhausted, transitioning...
[space_callback] Growing curriculum: 3 -> 3
[space_callback] New curriculum: [0, 1, 2]
[space_callback] Rollout collected at 53248 timesteps
[space_callback] Curriculum exhausted, transitioning...
[space_callback] Growing curriculum: 3 -> 3
[space_callback] New curriculum: [0, 1, 2]
[space_callback] Curriculum exhausted, transitioning...
[space_callback] Growing curriculum: 3 -> 3
[space_callback] New curriculum: [0, 1, 2]
[space_callback] Rollout collected at 55296 timesteps
[space_callback] Curriculum exhausted, transitioning...
[space_callback] Growing curriculum: 3 -> 3
[space_callback] New curriculum: [0, 1, 2]
[space_callback] Curriculum exhausted, transitioning...
[space_callback] Growing curriculum: 3 -> 3
[space_callback] New curriculum: [0, 1, 2]
[space_callback] Curriculum exhausted, transitioning...
[space_callback] Growing curriculum: 3 -> 3
[space_callback] New curriculum: [0, 1, 2]
[space_callback] Rollout collected at 57344 timesteps
[space_callback] Curriculum exhausted, transitioning...
[space_callback] Growing curriculum: 3 -> 3
[space_callback] New curriculum: [0, 1, 2]
[space_callback] Curriculum exhausted, transitioning...
[space_callback] New curriculum: [0, 1, 2]
[space_callback] Rollout collected at 59392 timesteps
[space_callback] Curriculum exhausted, transitioning...
[space_callback] New curriculum: [0, 1, 2]
[space_callback] Curriculum exhausted, transitioning...
[space_callback] New curriculum: [0, 1, 2]
[space_callback] Rollout collected at 61440 timesteps
[space_callback] Curriculum exhausted, transitioning...
[space_callback] New curriculum: [0, 1, 2]
[space_callback] Curriculum exhausted, transitioning...
[space_callback] Growing curriculum: 3 -> 3
[space_callback] New curriculum: [0, 1, 2]
[space_callback] Rollout collected at 63488 timesteps
[space_callback] Curriculum exhausted, transitioning...
[space_callback] Growing curriculum: 3 -> 3
[space_callback] New curriculum: [0, 1, 2]
[space_callback] Curriculum exhausted, transitioning...
[space_callback] Growing curriculum: 3 -> 3
[space_callback] New curriculum: [0, 1, 2]
[space_callback] Curriculum exhausted, transitioning...
[space_callback] Growing curriculum: 3 -> 3
[space_callback] New curriculum: [0, 1, 2]
[space_callback] Rollout collected at 65536 timesteps
[space_callback] Curriculum exhausted, transitioning...
[space_callback] Growing curriculum: 3 -> 3
[space_callback] New curriculum: [0, 1, 2]
[space_callback] Curriculum exhausted, transitioning...
[space_callback] Growing curriculum: 3 -> 3
[space_callback] New curriculum: [0, 1, 2]
[space_callback] Rollout collected at 67584 timesteps
[space_callback] Curriculum exhausted, transitioning...
[space_callback] Growing curriculum: 3 -> 3
[space_callback] New curriculum: [0, 1, 2]
[space_callback] Curriculum exhausted, transitioning...
[space_callback] Growing curriculum: 3 -> 3
[space_callback] New curriculum: [0, 1, 2]
[space_callback] Rollout collected at 69632 timesteps
[space_callback] Curriculum exhausted, transitioning...
[space_callback] Growing curriculum: 3 -> 3
[space_callback] New curriculum: [0, 1, 2]
[space_callback] Curriculum exhausted, transitioning...
[space_callback] Growing curriculum: 3 -> 3
[space_callback] New curriculum: [0, 1, 2]
[space_callback] Rollout collected at 71680 timesteps
[space_callback] Curriculum exhausted, transitioning...
[space_callback] Growing curriculum: 3 -> 3
[space_callback] New curriculum: [0, 1, 2]
[space_callback] Curriculum exhausted, transitioning...
[space_callback] Growing curriculum: 3 -> 3
[space_callback] New curriculum: [0, 1, 2]
[space_callback] Curriculum exhausted, transitioning...
[space_callback] Growing curriculum: 3 -> 3
[space_callback] New curriculum: [0, 1, 2]
[space_callback] Rollout collected at 73728 timesteps
[space_callback] Curriculum exhausted, transitioning...
[space_callback] Growing curriculum: 3 -> 3
[space_callback] New curriculum: [0, 1, 2]
[space_callback] Curriculum exhausted, transitioning...
[space_callback] Growing curriculum: 3 -> 3
[space_callback] New curriculum: [0, 1, 2]
[space_callback] Rollout collected at 75776 timesteps
[space_callback] Curriculum exhausted, transitioning...
[space_callback] Growing curriculum: 3 -> 3
[space_callback] New curriculum: [0, 1, 2]
[space_callback] Curriculum exhausted, transitioning...
[space_callback] Growing curriculum: 3 -> 3
[space_callback] New curriculum: [0, 1, 2]
[space_callback] Rollout collected at 77824 timesteps
[space_callback] Curriculum exhausted, transitioning...
[space_callback] Growing curriculum: 3 -> 3
[space_callback] New curriculum: [0, 1, 2]
[space_callback] Curriculum exhausted, transitioning...
[space_callback] Growing curriculum: 3 -> 3
[space_callback] New curriculum: [0, 1, 2]
[space_callback] Curriculum exhausted, transitioning...
[space_callback] Growing curriculum: 3 -> 3
[space_callback] New curriculum: [0, 1, 2]
[space_callback] Rollout collected at 79872 timesteps
[space_callback] Curriculum exhausted, transitioning...
[space_callback] Growing curriculum: 3 -> 3
[space_callback] New curriculum: [0, 1, 2]
[space_callback] Curriculum exhausted, transitioning...
[space_callback] Growing curriculum: 3 -> 3
[space_callback] New curriculum: [0, 1, 2]
[space_callback] Rollout collected at 81920 timesteps
[space_callback] Curriculum exhausted, transitioning...
[space_callback] Growing curriculum: 3 -> 3
[space_callback] New curriculum: [0, 1, 2]
[space_callback] Curriculum exhausted, transitioning...
[space_callback] Growing curriculum: 3 -> 3
[space_callback] New curriculum: [0, 1, 2]
[space_callback] Rollout collected at 83968 timesteps
[space_callback] Curriculum exhausted, transitioning...
[space_callback] Growing curriculum: 3 -> 3
[space_callback] New curriculum: [0, 1, 2]
[space_callback] Curriculum exhausted, transitioning...
[space_callback] Growing curriculum: 3 -> 3
[space_callback] New curriculum: [0, 1, 2]
[space_callback] Rollout collected at 86016 timesteps
[space_callback] Curriculum exhausted, transitioning...
[space_callback] Growing curriculum: 3 -> 3
[space_callback] New curriculum: [0, 1, 2]
[space_callback] Curriculum exhausted, transitioning...
[space_callback] Growing curriculum: 3 -> 3
[space_callback] New curriculum: [0, 1, 2]
[space_callback] Curriculum exhausted, transitioning...
[space_callback] Growing curriculum: 3 -> 3
[space_callback] New curriculum: [0, 1, 2]
[space_callback] Rollout collected at 88064 timesteps
[space_callback] Curriculum exhausted, transitioning...
[space_callback] Growing curriculum: 3 -> 3
[space_callback] New curriculum: [0, 1, 2]
[space_callback] Curriculum exhausted, transitioning...
[space_callback] Growing curriculum: 3 -> 3
[space_callback] New curriculum: [0, 1, 2]
[space_callback] Rollout collected at 90112 timesteps
[space_callback] Curriculum exhausted, transitioning...
[space_callback] Growing curriculum: 3 -> 3
[space_callback] New curriculum: [0, 1, 2]
[space_callback] Curriculum exhausted, transitioning...
[space_callback] Growing curriculum: 3 -> 3
[space_callback] New curriculum: [0, 1, 2]
[space_callback] Rollout collected at 92160 timesteps
[space_callback] Curriculum exhausted, transitioning...
[space_callback] Growing curriculum: 3 -> 3
[space_callback] New curriculum: [0, 1, 2]
[space_callback] Curriculum exhausted, transitioning...
[space_callback] Growing curriculum: 3 -> 3
[space_callback] New curriculum: [0, 1, 2]
[space_callback] Curriculum exhausted, transitioning...
[space_callback] Growing curriculum: 3 -> 3
[space_callback] New curriculum: [0, 1, 2]
[space_callback] Rollout collected at 94208 timesteps
[space_callback] Curriculum exhausted, transitioning...
[space_callback] Growing curriculum: 3 -> 3
[space_callback] New curriculum: [0, 1, 2]
[space_callback] Curriculum exhausted, transitioning...
[space_callback] Growing curriculum: 3 -> 3
[space_callback] New curriculum: [0, 1, 2]
[space_callback] Rollout collected at 96256 timesteps
[space_callback] Curriculum exhausted, transitioning...
[space_callback] Growing curriculum: 3 -> 3
[space_callback] New curriculum: [0, 1, 2]
[space_callback] Curriculum exhausted, transitioning...
[space_callback] Growing curriculum: 3 -> 3
[space_callback] New curriculum: [0, 1, 2]
[space_callback] Rollout collected at 98304 timesteps
[space_callback] Curriculum exhausted, transitioning...
[space_callback] Growing curriculum: 3 -> 3
[space_callback] New curriculum: [0, 1, 2]
[space_callback] Curriculum exhausted, transitioning...
[space_callback] Growing curriculum: 3 -> 3
[space_callback] New curriculum: [0, 1, 2]
[space_callback] Rollout collected at 100352 timesteps
