[space_callback] Before first policy update: random curriculum
[space_callback] New curriculum: [0]
[space_callback] Curriculum exhausted, transitioning...
[space_callback] Before first policy update: random curriculum
[space_callback] New curriculum: [2]
[space_callback] Curriculum exhausted, transitioning...
[space_callback] Before first policy update: random curriculum
[space_callback] New curriculum: [1]
[space_callback] Curriculum exhausted, transitioning...
[space_callback] Before first policy update: random curriculum
[space_callback] New curriculum: [1]
[space_callback] Curriculum exhausted, transitioning...
[space_callback] Before first policy update: random curriculum
[space_callback] New curriculum: [1]
[space_callback] Curriculum exhausted, transitioning...
[space_callback] Before first policy update: random curriculum
[space_callback] New curriculum: [0]
[space_callback] Curriculum exhausted, transitioning...
[space_callback] Before first policy update: random curriculum
[space_callback] New curriculum: [1]
[space_callback] Rollout collected at 2048 timesteps
[space_callback] Curriculum exhausted, transitioning...
[space_callback] Instance evals: [5.534888744354248, 5.4645514488220215, 7.592756271362305]
[space_callback] New curriculum: [np.int64(1)]
[space_callback] Curriculum exhausted, transitioning...
[space_callback] Instance evals: [5.632035732269287, 5.266401290893555, 7.648434638977051]
[space_callback] New curriculum: [np.int64(1)]
[space_callback] Curriculum exhausted, transitioning...
[space_callback] Instance evals: [5.492422580718994, 5.199290752410889, 7.581390380859375]
[space_callback] New curriculum: [np.int64(1)]
[space_callback] Curriculum exhausted, transitioning...
[space_callback] Instance evals: [5.562069416046143, 4.922703742980957, 7.592643737792969]
[space_callback] New curriculum: [np.int64(1)]
[space_callback] Curriculum exhausted, transitioning...
[space_callback] Growing curriculum: 1 -> 2
[space_callback] Instance evals: [5.54347038269043, 5.467073917388916, 7.4100871086120605]
[space_callback] New curriculum: [np.int64(1), np.int64(0)]
[space_callback] Curriculum exhausted, transitioning...
[space_callback] Growing curriculum: 2 -> 3
[space_callback] Instance evals: [5.947352409362793, 5.235401153564453, 7.458189487457275]
[space_callback] New curriculum: [np.int64(1), np.int64(0), np.int64(2)]
[space_callback] Rollout collected at 4096 timesteps
[space_callback] Curriculum exhausted, transitioning...
[space_callback] Instance evals: [11.23724365234375, 11.081071853637695, 16.682880401611328]
[space_callback] New curriculum: [np.int64(1), np.int64(0), np.int64(2)]
[space_callback] Curriculum exhausted, transitioning...
[space_callback] Instance evals: [11.336716651916504, 12.182724952697754, 16.551055908203125]
[space_callback] New curriculum: [np.int64(0), np.int64(1), np.int64(2)]
[space_callback] Rollout collected at 6144 timesteps
[space_callback] Before first policy update: random curriculum
[space_callback] New curriculum: [0]
[space_callback] Curriculum exhausted, transitioning...
[space_callback] Before first policy update: random curriculum
[space_callback] New curriculum: [2]
[space_callback] Curriculum exhausted, transitioning...
[space_callback] Shrinking curriculum: 1 -> 1
[space_callback] Before first policy update: random curriculum
[space_callback] New curriculum: [1]
[space_callback] Curriculum exhausted, transitioning...
[space_callback] Shrinking curriculum: 1 -> 1
[space_callback] Before first policy update: random curriculum
[space_callback] New curriculum: [1]
[space_callback] Curriculum exhausted, transitioning...
[space_callback] Before first policy update: random curriculum
[space_callback] New curriculum: [1]
[space_callback] Curriculum exhausted, transitioning...
[space_callback] Before first policy update: random curriculum
[space_callback] New curriculum: [0]
[space_callback] Curriculum exhausted, transitioning...
[space_callback] Shrinking curriculum: 1 -> 1
[space_callback] Before first policy update: random curriculum
[space_callback] New curriculum: [0]
[space_callback] Rollout collected at 2048 timesteps
[space_callback] Curriculum exhausted, transitioning...
[space_callback] Shrinking curriculum: 1 -> 1
[space_callback] Instance evals: [4.916263103485107, 7.639263153076172, 4.741621017456055]
[space_callback] New curriculum: [np.int64(2)]
[space_callback] Curriculum exhausted, transitioning...
[space_callback] Instance evals: [4.826322078704834, 7.555274486541748, 5.3378376960754395]
[space_callback] New curriculum: [np.int64(0)]
[space_callback] Curriculum exhausted, transitioning...
[space_callback] Instance evals: [5.433765411376953, 7.26418924331665, 5.478289604187012]
[space_callback] New curriculum: [np.int64(0)]
[space_callback] Curriculum exhausted, transitioning...
[space_callback] Instance evals: [5.229159355163574, 7.343294143676758, 5.3722052574157715]
[space_callback] New curriculum: [np.int64(0)]
[space_callback] Curriculum exhausted, transitioning...
[space_callback] Instance evals: [4.680141448974609, 7.17175817489624, 5.580647945404053]
[space_callback] New curriculum: [np.int64(0)]
[space_callback] Curriculum exhausted, transitioning...
[space_callback] Instance evals: [4.5834431648254395, 7.459283828735352, 4.639471054077148]
[space_callback] New curriculum: [np.int64(0)]
[space_callback] Curriculum exhausted, transitioning...
[space_callback] Instance evals: [4.792081832885742, 7.261321067810059, 5.01234245300293]
[space_callback] New curriculum: [np.int64(0)]
[space_callback] Rollout collected at 4096 timesteps
[space_callback] Curriculum exhausted, transitioning...
[space_callback] Shrinking curriculum: 1 -> 1
[space_callback] Instance evals: [10.238288879394531, 14.103650093078613, 11.37504768371582]
[space_callback] New curriculum: [np.int64(0)]
[space_callback] Curriculum exhausted, transitioning...
[space_callback] Instance evals: [11.005960464477539, 14.686351776123047, 11.161624908447266]
[space_callback] New curriculum: [np.int64(0)]
[space_callback] Curriculum exhausted, transitioning...
[space_callback] Instance evals: [10.863901138305664, 14.250202178955078, 12.049505233764648]
[space_callback] New curriculum: [np.int64(0)]
[space_callback] Curriculum exhausted, transitioning...
[space_callback] Instance evals: [10.780515670776367, 14.492754936218262, 10.801043510437012]
[space_callback] New curriculum: [np.int64(0)]
[space_callback] Curriculum exhausted, transitioning...
[space_callback] Growing curriculum: 1 -> 2
[space_callback] Instance evals: [10.866667747497559, 14.403860092163086, 11.524397850036621]
[space_callback] New curriculum: [np.int64(0), np.int64(2)]
[space_callback] Curriculum exhausted, transitioning...
[space_callback] Instance evals: [10.266573905944824, 14.424361228942871, 11.90655517578125]
[space_callback] New curriculum: [np.int64(0), np.int64(2)]
[space_callback] Rollout collected at 6144 timesteps
[space_callback] Curriculum exhausted, transitioning...
[space_callback] Shrinking curriculum: 2 -> 1
[space_callback] Instance evals: [15.149921417236328, 19.803150177001953, 16.792871475219727]
[space_callback] New curriculum: [np.int64(0)]
[space_callback] Curriculum exhausted, transitioning...
[space_callback] Shrinking curriculum: 1 -> 1
[space_callback] Instance evals: [16.036026000976562, 20.054874420166016, 16.420568466186523]
[space_callback] New curriculum: [np.int64(0)]
[space_callback] Curriculum exhausted, transitioning...
[space_callback] Shrinking curriculum: 1 -> 1
[space_callback] Instance evals: [14.548776626586914, 19.287187576293945, 17.893936157226562]
[space_callback] New curriculum: [np.int64(0)]
[space_callback] Curriculum exhausted, transitioning...
[space_callback] Shrinking curriculum: 1 -> 1
[space_callback] Instance evals: [14.766009330749512, 19.407516479492188, 17.865381240844727]
[space_callback] New curriculum: [np.int64(0)]
[space_callback] Curriculum exhausted, transitioning...
[space_callback] Shrinking curriculum: 1 -> 1
[space_callback] Instance evals: [15.644103050231934, 19.749784469604492, 17.585037231445312]
[space_callback] New curriculum: [np.int64(0)]
[space_callback] Curriculum exhausted, transitioning...
[space_callback] Instance evals: [14.679999351501465, 19.590654373168945, 15.426782608032227]
[space_callback] New curriculum: [np.int64(0)]
[space_callback] Rollout collected at 8192 timesteps
[space_callback] Curriculum exhausted, transitioning...
[space_callback] Instance evals: [19.65145492553711, 23.432491302490234, 19.30605125427246]
[space_callback] New curriculum: [np.int64(2)]
[space_callback] Curriculum exhausted, transitioning...
[space_callback] Instance evals: [19.760318756103516, 23.638425827026367, 20.918346405029297]
[space_callback] New curriculum: [np.int64(0)]
[space_callback] Curriculum exhausted, transitioning...
[space_callback] Instance evals: [18.050859451293945, 23.62482452392578, 20.11872100830078]
[space_callback] New curriculum: [np.int64(0)]
[space_callback] Curriculum exhausted, transitioning...
[space_callback] Instance evals: [20.766170501708984, 23.607696533203125, 20.50387191772461]
[space_callback] New curriculum: [np.int64(2)]
[space_callback] Curriculum exhausted, transitioning...
[space_callback] Instance evals: [19.577632904052734, 23.457256317138672, 20.87440299987793]
[space_callback] New curriculum: [np.int64(0)]
[space_callback] Curriculum exhausted, transitioning...
[space_callback] Instance evals: [18.700727462768555, 23.36022186279297, 21.027612686157227]
[space_callback] New curriculum: [np.int64(0)]
[space_callback] Curriculum exhausted, transitioning...
[space_callback] Instance evals: [19.78180503845215, 23.66191291809082, 20.191743850708008]
[space_callback] New curriculum: [np.int64(0)]
[space_callback] Rollout collected at 10240 timesteps
[space_callback] Curriculum exhausted, transitioning...
[space_callback] Growing curriculum: 1 -> 2
[space_callback] Instance evals: [22.278629302978516, 27.240175247192383, 24.024328231811523]
[space_callback] New curriculum: [np.int64(0), np.int64(2)]
[space_callback] Curriculum exhausted, transitioning...
[space_callback] Growing curriculum: 2 -> 3
[space_callback] Instance evals: [23.639169692993164, 26.59332847595215, 24.986391067504883]
[space_callback] New curriculum: [np.int64(0), np.int64(2), np.int64(1)]
[space_callback] Curriculum exhausted, transitioning...
[space_callback] Growing curriculum: 3 -> 3
[space_callback] Instance evals: [20.516801834106445, 26.866859436035156, 24.45692253112793]
[space_callback] New curriculum: [np.int64(0), np.int64(2), np.int64(1)]
[space_callback] Rollout collected at 12288 timesteps
[space_callback] Curriculum exhausted, transitioning...
[space_callback] Instance evals: [26.896072387695312, 30.063159942626953, 28.639699935913086]
[space_callback] New curriculum: [np.int64(0), np.int64(2), np.int64(1)]
[space_callback] Curriculum exhausted, transitioning...
[space_callback] Instance evals: [27.973751068115234, 30.57065200805664, 27.652414321899414]
[space_callback] New curriculum: [np.int64(2), np.int64(0), np.int64(1)]
[space_callback] Rollout collected at 14336 timesteps
[space_callback] Curriculum exhausted, transitioning...
[space_callback] Instance evals: [30.57588005065918, 34.27459716796875, 33.18333053588867]
[space_callback] New curriculum: [np.int64(0), np.int64(2), np.int64(1)]
[space_callback] Curriculum exhausted, transitioning...
[space_callback] Instance evals: [30.444679260253906, 35.060455322265625, 30.006437301635742]
[space_callback] New curriculum: [np.int64(2), np.int64(0), np.int64(1)]
[space_callback] Rollout collected at 16384 timesteps
[space_callback] Curriculum exhausted, transitioning...
[space_callback] Instance evals: [30.425203323364258, 39.16839599609375, 31.59647560119629]
[space_callback] New curriculum: [np.int64(0), np.int64(2), np.int64(1)]
[space_callback] Curriculum exhausted, transitioning...
[space_callback] Instance evals: [33.89752960205078, 39.22349548339844, 35.95339584350586]
[space_callback] New curriculum: [np.int64(0), np.int64(2), np.int64(1)]
[space_callback] Curriculum exhausted, transitioning...
[space_callback] Instance evals: [35.87565231323242, 39.557701110839844, 30.839702606201172]
[space_callback] New curriculum: [np.int64(2), np.int64(0), np.int64(1)]
[space_callback] Rollout collected at 18432 timesteps
[space_callback] Curriculum exhausted, transitioning...
[space_callback] Instance evals: [35.730140686035156, 42.24647521972656, 38.974327087402344]
[space_callback] New curriculum: [np.int64(0), np.int64(2), np.int64(1)]
[space_callback] Curriculum exhausted, transitioning...
[space_callback] Growing curriculum: 3 -> 3
[space_callback] Instance evals: [34.86106491088867, 41.61717987060547, 36.94904327392578]
[space_callback] New curriculum: [np.int64(0), np.int64(2), np.int64(1)]
[space_callback] Rollout collected at 20480 timesteps
[space_callback] Curriculum exhausted, transitioning...
[space_callback] Growing curriculum: 3 -> 3
[space_callback] Instance evals: [28.613361358642578, 44.606910705566406, 32.76549530029297]
[space_callback] New curriculum: [np.int64(0), np.int64(2), np.int64(1)]
[space_callback] Curriculum exhausted, transitioning...
[space_callback] Growing curriculum: 3 -> 3
[space_callback] Instance evals: [29.888959884643555, 44.54383087158203, 36.98722839355469]
[space_callback] New curriculum: [np.int64(0), np.int64(2), np.int64(1)]
[space_callback] Rollout collected at 22528 timesteps
[space_callback] Curriculum exhausted, transitioning...
[space_callback] Growing curriculum: 3 -> 3
[space_callback] Instance evals: [29.55211639404297, 47.30366134643555, 41.06429672241211]
[space_callback] New curriculum: [np.int64(0), np.int64(2), np.int64(1)]
[space_callback] Curriculum exhausted, transitioning...
[space_callback] Growing curriculum: 3 -> 3
[space_callback] Instance evals: [35.98558044433594, 47.366092681884766, 27.526811599731445]
[space_callback] New curriculum: [np.int64(2), np.int64(0), np.int64(1)]
[space_callback] Rollout collected at 24576 timesteps
[space_callback] Curriculum exhausted, transitioning...
[space_callback] Instance evals: [33.05621337890625, 49.00086975097656, 29.08882713317871]
[space_callback] New curriculum: [np.int64(2), np.int64(0), np.int64(1)]
[space_callback] Curriculum exhausted, transitioning...
[space_callback] Instance evals: [27.253158569335938, 48.56914520263672, 39.57257080078125]
[space_callback] New curriculum: [np.int64(0), np.int64(2), np.int64(1)]
[space_callback] Curriculum exhausted, transitioning...
[space_callback] Instance evals: [30.216794967651367, 48.513153076171875, 32.772457122802734]
[space_callback] New curriculum: [np.int64(0), np.int64(2), np.int64(1)]
[space_callback] Rollout collected at 26624 timesteps
[space_callback] Curriculum exhausted, transitioning...
[space_callback] Instance evals: [27.802471160888672, 50.04582595825195, 34.96636962890625]
[space_callback] New curriculum: [np.int64(0), np.int64(2), np.int64(1)]
[space_callback] Curriculum exhausted, transitioning...
[space_callback] Growing curriculum: 3 -> 3
[space_callback] Instance evals: [32.01689529418945, 49.81932830810547, 33.10422134399414]
[space_callback] New curriculum: [np.int64(0), np.int64(2), np.int64(1)]
[space_callback] Rollout collected at 28672 timesteps
[space_callback] Curriculum exhausted, transitioning...
[space_callback] Growing curriculum: 3 -> 3
[space_callback] Instance evals: [32.21236801147461, 50.80134582519531, 28.690643310546875]
[space_callback] New curriculum: [np.int64(2), np.int64(0), np.int64(1)]
[space_callback] Curriculum exhausted, transitioning...
[space_callback] Growing curriculum: 3 -> 3
[space_callback] Instance evals: [32.94597244262695, 52.36674880981445, 30.61370849609375]
[space_callback] New curriculum: [np.int64(2), np.int64(0), np.int64(1)]
[space_callback] Rollout collected at 30720 timesteps
[space_callback] Curriculum exhausted, transitioning...
[space_callback] Growing curriculum: 3 -> 3
[space_callback] Instance evals: [30.153507232666016, 55.23832702636719, 27.37713623046875]
[space_callback] New curriculum: [np.int64(2), np.int64(0), np.int64(1)]
[space_callback] Curriculum exhausted, transitioning...
[space_callback] Growing curriculum: 3 -> 3
[space_callback] Instance evals: [31.73291015625, 55.46781921386719, 30.184642791748047]
[space_callback] New curriculum: [np.int64(2), np.int64(0), np.int64(1)]
[space_callback] Curriculum exhausted, transitioning...
[space_callback] Growing curriculum: 3 -> 3
[space_callback] Instance evals: [31.59039878845215, 55.134986877441406, 32.79712677001953]
[space_callback] New curriculum: [np.int64(0), np.int64(2), np.int64(1)]
[space_callback] Rollout collected at 32768 timesteps
[space_callback] Curriculum exhausted, transitioning...
[space_callback] Growing curriculum: 3 -> 3
[space_callback] Instance evals: [31.46843147277832, 57.01350021362305, 34.82781982421875]
[space_callback] New curriculum: [np.int64(0), np.int64(2), np.int64(1)]
[space_callback] Curriculum exhausted, transitioning...
[space_callback] Growing curriculum: 3 -> 3
[space_callback] Instance evals: [37.51007080078125, 56.62979507446289, 33.35218811035156]
[space_callback] New curriculum: [np.int64(2), np.int64(0), np.int64(1)]
[space_callback] Rollout collected at 34816 timesteps
[space_callback] Curriculum exhausted, transitioning...
[space_callback] Growing curriculum: 3 -> 3
[space_callback] Instance evals: [33.80298614501953, 58.50803756713867, 34.633697509765625]
[space_callback] New curriculum: [np.int64(0), np.int64(2), np.int64(1)]
[space_callback] Curriculum exhausted, transitioning...
[space_callback] Growing curriculum: 3 -> 3
[space_callback] Instance evals: [35.09765625, 58.54868698120117, 33.538116455078125]
[space_callback] New curriculum: [np.int64(2), np.int64(0), np.int64(1)]
[space_callback] Rollout collected at 36864 timesteps
[space_callback] Curriculum exhausted, transitioning...
[space_callback] Growing curriculum: 3 -> 3
[space_callback] Instance evals: [31.861059188842773, 59.02049255371094, 28.727365493774414]
[space_callback] New curriculum: [np.int64(2), np.int64(0), np.int64(1)]
[space_callback] Curriculum exhausted, transitioning...
[space_callback] Growing curriculum: 3 -> 3
[space_callback] Instance evals: [33.69772720336914, 59.555233001708984, 29.561954498291016]
[space_callback] New curriculum: [np.int64(2), np.int64(0), np.int64(1)]
[space_callback] Rollout collected at 38912 timesteps
[space_callback] Curriculum exhausted, transitioning...
[space_callback] Growing curriculum: 3 -> 3
[space_callback] Instance evals: [34.069183349609375, 62.08068084716797, 31.6103515625]
[space_callback] New curriculum: [np.int64(2), np.int64(0), np.int64(1)]
[space_callback] Curriculum exhausted, transitioning...
[space_callback] Growing curriculum: 3 -> 3
[space_callback] Instance evals: [34.80824279785156, 61.53726577758789, 32.797245025634766]
[space_callback] New curriculum: [np.int64(2), np.int64(0), np.int64(1)]
[space_callback] Curriculum exhausted, transitioning...
[space_callback] Growing curriculum: 3 -> 3
[space_callback] Instance evals: [33.916744232177734, 62.4174919128418, 35.3759765625]
[space_callback] New curriculum: [np.int64(0), np.int64(2), np.int64(1)]
[space_callback] Rollout collected at 40960 timesteps
[space_callback] Curriculum exhausted, transitioning...
[space_callback] Growing curriculum: 3 -> 3
[space_callback] Instance evals: [35.857852935791016, 63.158756256103516, 36.076412200927734]
[space_callback] New curriculum: [np.int64(0), np.int64(2), np.int64(1)]
[space_callback] Curriculum exhausted, transitioning...
[space_callback] Growing curriculum: 3 -> 3
[space_callback] Instance evals: [33.29945755004883, 62.11375427246094, 33.59006118774414]
[space_callback] New curriculum: [np.int64(0), np.int64(2), np.int64(1)]
[space_callback] Rollout collected at 43008 timesteps
[space_callback] Curriculum exhausted, transitioning...
[space_callback] Growing curriculum: 3 -> 3
[space_callback] Instance evals: [36.5305061340332, 64.66703033447266, 34.192832946777344]
[space_callback] New curriculum: [np.int64(2), np.int64(0), np.int64(1)]
[space_callback] Curriculum exhausted, transitioning...
[space_callback] Growing curriculum: 3 -> 3
[space_callback] Instance evals: [39.14528274536133, 64.23334503173828, 34.91966247558594]
[space_callback] New curriculum: [np.int64(2), np.int64(0), np.int64(1)]
[space_callback] Rollout collected at 45056 timesteps
[space_callback] Curriculum exhausted, transitioning...
[space_callback] Growing curriculum: 3 -> 3
[space_callback] Instance evals: [35.077701568603516, 65.26962280273438, 33.089298248291016]
[space_callback] New curriculum: [np.int64(2), np.int64(0), np.int64(1)]
[space_callback] Curriculum exhausted, transitioning...
[space_callback] Growing curriculum: 3 -> 3
[space_callback] Instance evals: [33.68864059448242, 65.87472534179688, 34.299781799316406]
[space_callback] New curriculum: [np.int64(0), np.int64(2), np.int64(1)]
[space_callback] Curriculum exhausted, transitioning...
[space_callback] Growing curriculum: 3 -> 3
[space_callback] Instance evals: [32.206905364990234, 65.64855194091797, 29.739744186401367]
[space_callback] New curriculum: [np.int64(2), np.int64(0), np.int64(1)]
[space_callback] Rollout collected at 47104 timesteps
[space_callback] Curriculum exhausted, transitioning...
[space_callback] Growing curriculum: 3 -> 3
[space_callback] Instance evals: [36.06856918334961, 65.61070251464844, 33.748104095458984]
[space_callback] New curriculum: [np.int64(2), np.int64(0), np.int64(1)]
[space_callback] Curriculum exhausted, transitioning...
[space_callback] Growing curriculum: 3 -> 3
[space_callback] Instance evals: [34.7089729309082, 65.5467758178711, 33.05017852783203]
[space_callback] New curriculum: [np.int64(2), np.int64(0), np.int64(1)]
[space_callback] Rollout collected at 49152 timesteps
[space_callback] Curriculum exhausted, transitioning...
[space_callback] Growing curriculum: 3 -> 3
[space_callback] Instance evals: [31.92097282409668, 66.92964172363281, 35.1755485534668]
[space_callback] New curriculum: [np.int64(0), np.int64(2), np.int64(1)]
[space_callback] Curriculum exhausted, transitioning...
[space_callback] Growing curriculum: 3 -> 3
[space_callback] Instance evals: [36.299957275390625, 66.47644805908203, 37.365386962890625]
[space_callback] New curriculum: [np.int64(0), np.int64(2), np.int64(1)]
[space_callback] Rollout collected at 51200 timesteps
[space_callback] Before first policy update: random curriculum
[space_callback] New curriculum: [0]
[space_callback] Curriculum exhausted, transitioning...
[space_callback] Before first policy update: random curriculum
[space_callback] New curriculum: [2]
[space_callback] Curriculum exhausted, transitioning...
[space_callback] Shrinking curriculum: 1 -> 1
[space_callback] Before first policy update: random curriculum
[space_callback] New curriculum: [1]
[space_callback] Curriculum exhausted, transitioning...
[space_callback] Shrinking curriculum: 1 -> 1
[space_callback] Before first policy update: random curriculum
[space_callback] New curriculum: [1]
[space_callback] Curriculum exhausted, transitioning...
[space_callback] Before first policy update: random curriculum
[space_callback] New curriculum: [1]
[space_callback] Curriculum exhausted, transitioning...
[space_callback] Before first policy update: random curriculum
[space_callback] New curriculum: [0]
[space_callback] Curriculum exhausted, transitioning...
[space_callback] Shrinking curriculum: 1 -> 1
[space_callback] Before first policy update: random curriculum
[space_callback] New curriculum: [0]
[space_callback] Rollout collected at 2048 timesteps
[space_callback] Curriculum exhausted, transitioning...
[space_callback] Shrinking curriculum: 1 -> 1
[space_callback] Instance evals: [4.916263103485107, 7.639263153076172, 4.741621017456055]
[space_callback] New curriculum: [np.int64(2)]
[space_callback] Before first policy update: random curriculum
[space_callback] New curriculum: [0]
[space_callback] Curriculum exhausted, transitioning...
[space_callback] Before first policy update: random curriculum
[space_callback] New curriculum: [2]
[space_callback] Curriculum exhausted, transitioning...
[space_callback] Shrinking curriculum: 1 -> 1
[space_callback] Before first policy update: random curriculum
[space_callback] New curriculum: [1]
[space_callback] Curriculum exhausted, transitioning...
[space_callback] Before first policy update: random curriculum
[space_callback] New curriculum: [1]
[space_callback] Curriculum exhausted, transitioning...
[space_callback] Before first policy update: random curriculum
[space_callback] New curriculum: [1]
[space_callback] Curriculum exhausted, transitioning...
[space_callback] Before first policy update: random curriculum
[space_callback] New curriculum: [0]
[space_callback] Curriculum exhausted, transitioning...
[space_callback] Shrinking curriculum: 1 -> 1
[space_callback] Before first policy update: random curriculum
[space_callback] New curriculum: [1]
[space_callback] Rollout collected at 2048 timesteps
[space_callback] Curriculum exhausted, transitioning...
[space_callback] Shrinking curriculum: 1 -> 1
[space_callback] Instance evals: [8.800664901733398, 5.916616916656494, 4.956223011016846]
[space_callback] New curriculum: [np.int64(2)]
[space_callback] Curriculum exhausted, transitioning...
[space_callback] Instance evals: [8.634822845458984, 5.62642765045166, 5.062114715576172]
[space_callback] New curriculum: [np.int64(2)]
[space_callback] Curriculum exhausted, transitioning...
[space_callback] Instance evals: [9.018891334533691, 5.797255992889404, 5.419303894042969]
[space_callback] New curriculum: [np.int64(2)]
[space_callback] Curriculum exhausted, transitioning...
[space_callback] Instance evals: [8.546456336975098, 5.272189140319824, 5.275899887084961]
[space_callback] New curriculum: [np.int64(1)]
[space_callback] Curriculum exhausted, transitioning...
[space_callback] Instance evals: [8.78208065032959, 5.691628456115723, 5.399413108825684]
[space_callback] New curriculum: [np.int64(2)]
[space_callback] Curriculum exhausted, transitioning...
[space_callback] Shrinking curriculum: 1 -> 1
[space_callback] Instance evals: [8.579025268554688, 5.327829360961914, 5.076818466186523]
[space_callback] New curriculum: [np.int64(2)]
[space_callback] Curriculum exhausted, transitioning...
[space_callback] Instance evals: [8.490659713745117, 5.8262038230896, 5.51249885559082]
[space_callback] New curriculum: [np.int64(2)]
[space_callback] Rollout collected at 4096 timesteps
[space_callback] Curriculum exhausted, transitioning...
[space_callback] Instance evals: [14.445565223693848, 11.812643051147461, 10.088028907775879]
[space_callback] New curriculum: [np.int64(2)]
[space_callback] Curriculum exhausted, transitioning...
[space_callback] Instance evals: [14.712300300598145, 11.23681354522705, 10.805435180664062]
[space_callback] New curriculum: [np.int64(2)]
[space_callback] Curriculum exhausted, transitioning...
[space_callback] Instance evals: [14.799766540527344, 12.034307479858398, 10.656778335571289]
[space_callback] New curriculum: [np.int64(2)]
[space_callback] Curriculum exhausted, transitioning...
[space_callback] Instance evals: [14.800308227539062, 10.42729663848877, 11.255616188049316]
[space_callback] New curriculum: [np.int64(1)]
[space_callback] Curriculum exhausted, transitioning...
[space_callback] Growing curriculum: 1 -> 2
[space_callback] Instance evals: [14.660837173461914, 11.062262535095215, 10.167007446289062]
[space_callback] New curriculum: [np.int64(2), np.int64(1)]
[space_callback] Curriculum exhausted, transitioning...
[space_callback] Growing curriculum: 2 -> 3
[space_callback] Instance evals: [14.582451820373535, 9.993107795715332, 10.495923042297363]
[space_callback] New curriculum: [np.int64(1), np.int64(2), np.int64(0)]
[space_callback] Rollout collected at 6144 timesteps
[space_callback] Curriculum exhausted, transitioning...
[space_callback] Instance evals: [19.786937713623047, 17.066898345947266, 14.499672889709473]
[space_callback] New curriculum: [np.int64(2), np.int64(1), np.int64(0)]
[space_callback] Curriculum exhausted, transitioning...
[space_callback] Instance evals: [19.649761199951172, 16.891143798828125, 15.671679496765137]
[space_callback] New curriculum: [np.int64(2), np.int64(1), np.int64(0)]
[space_callback] Rollout collected at 8192 timesteps
[space_callback] Curriculum exhausted, transitioning...
[space_callback] Instance evals: [25.44768524169922, 20.639877319335938, 16.830232620239258]
[space_callback] New curriculum: [np.int64(2), np.int64(1), np.int64(0)]
[space_callback] Curriculum exhausted, transitioning...
[space_callback] Shrinking curriculum: 3 -> 2
[space_callback] Instance evals: [25.106353759765625, 19.805503845214844, 15.666866302490234]
[space_callback] New curriculum: [np.int64(2), np.int64(1)]
[space_callback] Curriculum exhausted, transitioning...
[space_callback] Instance evals: [25.341445922851562, 17.425371170043945, 18.448287963867188]
[space_callback] New curriculum: [np.int64(1), np.int64(2)]
[space_callback] Rollout collected at 10240 timesteps
